MPLINK 4.49, Linker
Linker Map File - Created Sat Apr 29 11:17:27 2023

                                 Section Info
                  Section       Type    Address   Location Size(Bytes)
                ---------  ---------  ---------  ---------  ---------
                   .org_0       code   0x000000    program   0x00004a
                   .cinit    romdata   0x000025    program   0x000004
      .config_2007_MAIN.O       code   0x002007    program   0x000002



                              Program Memory Usage 
                               Start         End      
                           ---------   ---------      
                            0x000000    0x000026      
                            0x002007    0x002007      
            40 out of 2182 program addresses used, program memory utilization is 1%



                              Symbols - Sorted by Name
                     Name    Address   Location    Storage File                     
                ---------  ---------  ---------  --------- ---------                
             BTN_CONTINUE   0x000012    program     static C:\Users\Vinicius\Desktop\semestre 2023.1\embarcados\projetos\lab2\main.asm
                 CONTINUE   0x00001d    program     static C:\Users\Vinicius\Desktop\semestre 2023.1\embarcados\projetos\lab2\main.asm
                   INICIO   0x000001    program     static C:\Users\Vinicius\Desktop\semestre 2023.1\embarcados\projetos\lab2\main.asm
                     MAIN   0x00000d    program     static C:\Users\Vinicius\Desktop\semestre 2023.1\embarcados\projetos\lab2\main.asm
            btnNotPressed   0x000011    program     static C:\Users\Vinicius\Desktop\semestre 2023.1\embarcados\projetos\lab2\main.asm



                              Symbols - Sorted by Address
                     Name    Address   Location    Storage File                     
                ---------  ---------  ---------  --------- ---------                
                   INICIO   0x000001    program     static C:\Users\Vinicius\Desktop\semestre 2023.1\embarcados\projetos\lab2\main.asm
                     MAIN   0x00000d    program     static C:\Users\Vinicius\Desktop\semestre 2023.1\embarcados\projetos\lab2\main.asm
            btnNotPressed   0x000011    program     static C:\Users\Vinicius\Desktop\semestre 2023.1\embarcados\projetos\lab2\main.asm
             BTN_CONTINUE   0x000012    program     static C:\Users\Vinicius\Desktop\semestre 2023.1\embarcados\projetos\lab2\main.asm
                 CONTINUE   0x00001d    program     static C:\Users\Vinicius\Desktop\semestre 2023.1\embarcados\projetos\lab2\main.asm


