MPLINK 4.49, Linker
Linker Map File - Created Sat May 27 17:34:58 2023

                                 Section Info
                  Section       Type    Address   Location Size(Bytes)
                ---------  ---------  ---------  ---------  ---------
                   .org_0       code   0x000000    program   0x000002
                   .cinit    romdata   0x000001    program   0x000004
                   .org_1       code   0x000004    program   0x000074
      .config_2007_MAIN.O       code   0x002007    program   0x000002



                              Program Memory Usage 
                               Start         End      
                           ---------   ---------      
                            0x000000    0x000002      
                            0x000004    0x00003d      
                            0x002007    0x002007      
            62 out of 2182 program addresses used, program memory utilization is 2%



                              Symbols - Sorted by Name
                     Name    Address   Location    Storage File                     
                ---------  ---------  ---------  --------- ---------                
                    BEGIN   0x000024    program     static C:\Users\Vinicius\Desktop\semestre 2023.1\embarcados\projetos\trab\main.asm
           BUTTON_PRESSED   0x00000f    program     static C:\Users\Vinicius\Desktop\semestre 2023.1\embarcados\projetos\trab\main.asm
          BUTTON_RELEASED   0x000012    program     static C:\Users\Vinicius\Desktop\semestre 2023.1\embarcados\projetos\trab\main.asm
                 EXIT_ISR   0x00001f    program     static C:\Users\Vinicius\Desktop\semestre 2023.1\embarcados\projetos\trab\main.asm
                     NEXT   0x000014    program     static C:\Users\Vinicius\Desktop\semestre 2023.1\embarcados\projetos\trab\main.asm
                   UPDATE   0x000036    program     static C:\Users\Vinicius\Desktop\semestre 2023.1\embarcados\projetos\trab\main.asm



                              Symbols - Sorted by Address
                     Name    Address   Location    Storage File                     
                ---------  ---------  ---------  --------- ---------                
           BUTTON_PRESSED   0x00000f    program     static C:\Users\Vinicius\Desktop\semestre 2023.1\embarcados\projetos\trab\main.asm
          BUTTON_RELEASED   0x000012    program     static C:\Users\Vinicius\Desktop\semestre 2023.1\embarcados\projetos\trab\main.asm
                     NEXT   0x000014    program     static C:\Users\Vinicius\Desktop\semestre 2023.1\embarcados\projetos\trab\main.asm
                 EXIT_ISR   0x00001f    program     static C:\Users\Vinicius\Desktop\semestre 2023.1\embarcados\projetos\trab\main.asm
                    BEGIN   0x000024    program     static C:\Users\Vinicius\Desktop\semestre 2023.1\embarcados\projetos\trab\main.asm
                   UPDATE   0x000036    program     static C:\Users\Vinicius\Desktop\semestre 2023.1\embarcados\projetos\trab\main.asm


